---
source: src/ast/print.rs
assertion_line: 894
expression: printed
input_file: examples/empty.ast

---
#![allow(dead_code)]
use crate::tokens;
pub mod parse {
  use super::*;
  use chumsky::prelude::*;
  use tokens::{parse::*, Token};
  type Error = ::chumsky::error::Simple<tokens::Token>;
  thread_local! { static RECURSIVE : std :: cell :: RefCell < () > = std :: cell :: RefCell :: new ({ () }) ; }
}
